{"level":"info","message":"⌛ Building environment","timeElapsed":367,"timestamp":"2026-05-21T21:33:53.131Z"}
{"level":"info","message":"⌛ Building environment","timeElapsed":184,"timestamp":"2026-05-21T21:33:53.321Z"}
{"level":"info","message":"⌛ Validating game.wpgm","timeElapsed":246,"timestamp":"2026-05-21T21:33:53.590Z"}
{"level":"info","message":"⌛ Building environment","timeElapsed":120,"timestamp":"2026-05-21T21:33:53.712Z"}
{"level":"info","message":"⌛ Validating game.wpgm","timeElapsed":181,"timestamp":"2026-05-21T21:33:53.906Z"}
{"level":"info","message":"⌛ Building environment","timeElapsed":255,"timestamp":"2026-05-21T21:34:10.020Z"}
{"level":"info","message":"⌛ Validating game.wpgm","timeElapsed":334,"timestamp":"2026-05-21T21:34:10.366Z"}
{"level":"info","message":"⌛ Building environment","timeElapsed":147,"timestamp":"2026-05-21T21:34:29.793Z"}
{"level":"info","message":"⌛ Validating ui.wlk","timeElapsed":263,"timestamp":"2026-05-21T21:34:30.083Z"}
{"level":"info","message":"⌛ Building environment","timeElapsed":188,"timestamp":"2026-05-21T21:34:42.520Z"}
{"level":"info","message":"⌛ Validating ui.wlk","timeElapsed":171,"timestamp":"2026-05-21T21:34:42.694Z"}
{"level":"info","message":"⌛ Building environment","timeElapsed":174,"timestamp":"2026-05-21T21:34:57.812Z"}
{"level":"info","message":"⌛ Building environment","timeElapsed":201,"timestamp":"2026-05-21T21:34:58.071Z"}
{"level":"info","message":"⌛ Validating game.wpgm","timeElapsed":175,"timestamp":"2026-05-21T21:34:58.269Z"}
{"level":"info","message":"⌛ Validating game.wpgm","timeElapsed":154,"timestamp":"2026-05-21T21:34:58.431Z"}
{"level":"info","message":"⌛ Building environment","timeElapsed":412,"timestamp":"2026-05-21T21:35:45.987Z"}
{"level":"info","message":"⌛ Building environment","timeElapsed":264,"timestamp":"2026-05-21T21:35:46.257Z"}
{"level":"info","message":"⌛ Building environment","timeElapsed":193,"timestamp":"2026-05-21T21:35:46.462Z"}
{"level":"info","message":"⌛ Validating ui.wlk","timeElapsed":249,"timestamp":"2026-05-21T21:35:46.712Z"}
{"level":"info","message":"⌛ Building environment","timeElapsed":211,"timestamp":"2026-05-21T21:35:46.925Z"}
{"level":"info","message":"⌛ Validating game.wpgm","timeElapsed":201,"timestamp":"2026-05-21T21:35:47.190Z"}
{"level":"info","message":"⌛ Validating ui.wlk","timeElapsed":168,"timestamp":"2026-05-21T21:35:47.359Z"}
{"level":"info","message":"⌛ Validating game.wpgm","timeElapsed":176,"timestamp":"2026-05-21T21:35:47.535Z"}
{"level":"info","message":"⌛ Building environment","timeElapsed":236,"timestamp":"2026-05-21T21:36:25.882Z"}
{"level":"info","message":"⌛ Building environment","timeElapsed":205,"timestamp":"2026-05-21T21:36:26.089Z"}
{"level":"info","message":"Removing diagnostics from /home/maitena/Documentos/Arachnida-Game/LICENSE","timestamp":"2026-05-21T21:36:26.190Z"}
{"level":"info","message":"⌛ Building environment","timeElapsed":221,"timestamp":"2026-05-21T21:36:44.053Z"}
{"level":"info","message":"⌛ Validating arania.wlk","timeElapsed":245,"timestamp":"2026-05-21T21:36:44.313Z"}
{"level":"info","message":"⌛ Building environment","timeElapsed":260,"timestamp":"2026-05-21T21:36:55.935Z"}
{"level":"info","message":"⌛ Validating arania.wlk","timeElapsed":212,"timestamp":"2026-05-21T21:36:56.150Z"}
{"level":"info","message":"⌛ Building environment","timeElapsed":213,"timestamp":"2026-05-21T21:37:00.370Z"}
{"level":"info","message":"⌛ Validating arania.wlk","timeElapsed":174,"timestamp":"2026-05-21T21:37:00.548Z"}
{"level":"info","message":"⌛ Building environment","timeElapsed":177,"timestamp":"2026-05-21T21:37:05.892Z"}
{"level":"info","message":"⌛ Validating arania.wlk","timeElapsed":167,"timestamp":"2026-05-21T21:37:06.073Z"}
{"level":"info","message":"⌛ Building environment","timeElapsed":171,"timestamp":"2026-05-21T21:37:06.247Z"}
{"level":"info","message":"⌛ Building environment","timeElapsed":179,"timestamp":"2026-05-21T21:37:06.440Z"}
{"level":"info","message":"⌛ Validating arania.wlk","timeElapsed":179,"timestamp":"2026-05-21T21:37:06.620Z"}
{"level":"info","message":"⌛ Validating arania.wlk","timeElapsed":151,"timestamp":"2026-05-21T21:37:06.791Z"}
{"level":"info","message":"⌛ Building environment","timeElapsed":189,"timestamp":"2026-05-21T21:37:07.045Z"}
{"level":"info","message":"⌛ Validating arania.wlk","timeElapsed":158,"timestamp":"2026-05-21T21:37:07.205Z"}
{"level":"info","message":"⌛ Building environment","timeElapsed":187,"timestamp":"2026-05-21T21:37:09.502Z"}
{"level":"info","message":"⌛ Validating arania.wlk","timeElapsed":177,"timestamp":"2026-05-21T21:37:09.681Z"}
{"level":"info","message":"⌛ Building environment","timeElapsed":184,"timestamp":"2026-05-21T21:37:12.291Z"}
{"level":"info","message":"⌛ Building environment","timeElapsed":193,"timestamp":"2026-05-21T21:37:12.515Z"}
{"level":"info","message":"⌛ Validating arania.wlk","timeElapsed":186,"timestamp":"2026-05-21T21:37:12.703Z"}
{"level":"info","message":"⌛ Validating arania.wlk","timeElapsed":160,"timestamp":"2026-05-21T21:37:12.882Z"}
{"level":"info","message":"⌛ Building environment","timeElapsed":192,"timestamp":"2026-05-21T21:37:13.401Z"}
{"level":"info","message":"⌛ Validating arania.wlk","timeElapsed":152,"timestamp":"2026-05-21T21:37:13.555Z"}
{"level":"info","message":"⌛ Building environment","timeElapsed":181,"timestamp":"2026-05-21T21:37:14.022Z"}
{"level":"info","message":"⌛ Validating arania.wlk","timeElapsed":181,"timestamp":"2026-05-21T21:37:14.232Z"}
{"level":"info","message":"⌛ Building environment","timeElapsed":164,"timestamp":"2026-05-21T21:37:15.342Z"}
{"level":"info","message":"⌛ Validating arania.wlk","timeElapsed":155,"timestamp":"2026-05-21T21:37:15.500Z"}
{"level":"info","message":"⌛ Building environment","timeElapsed":186,"timestamp":"2026-05-21T21:37:16.979Z"}
{"level":"info","message":"⌛ Validating arania.wlk","timeElapsed":154,"timestamp":"2026-05-21T21:37:17.136Z"}
{"level":"info","message":"⌛ Building environment","timeElapsed":178,"timestamp":"2026-05-21T21:37:21.415Z"}
{"level":"info","message":"⌛ Validating arania.wlk","timeElapsed":181,"timestamp":"2026-05-21T21:37:21.598Z"}
{"level":"info","message":"⌛ Building environment","timeElapsed":155,"timestamp":"2026-05-21T21:37:21.913Z"}
{"level":"info","message":"⌛ Validating arania.wlk","timeElapsed":160,"timestamp":"2026-05-21T21:37:22.075Z"}
{"level":"info","message":"⌛ Building environment","timeElapsed":179,"timestamp":"2026-05-21T21:37:23.357Z"}
{"level":"info","message":"⌛ Validating arania.wlk","timeElapsed":167,"timestamp":"2026-05-21T21:37:23.527Z"}
{"level":"info","message":"⌛ Building environment","timeElapsed":239,"timestamp":"2026-05-21T21:37:23.768Z"}
{"level":"info","message":"⌛ Validating arania.wlk","timeElapsed":197,"timestamp":"2026-05-21T21:37:23.975Z"}
{"level":"info","message":"⌛ Building environment","timeElapsed":253,"timestamp":"2026-05-21T21:37:29.369Z"}
{"level":"info","message":"⌛ Validating arania.wlk","timeElapsed":171,"timestamp":"2026-05-21T21:37:29.561Z"}
{"level":"info","message":"⌛ Building environment","timeElapsed":186,"timestamp":"2026-05-21T21:37:31.967Z"}
{"level":"info","message":"⌛ Validating arania.wlk","timeElapsed":162,"timestamp":"2026-05-21T21:37:32.131Z"}
{"level":"info","message":"⌛ Building environment","timeElapsed":170,"timestamp":"2026-05-21T21:37:34.363Z"}
{"level":"info","message":"⌛ Validating arania.wlk","timeElapsed":175,"timestamp":"2026-05-21T21:37:34.540Z"}
{"level":"info","message":"⌛ Building environment","timeElapsed":177,"timestamp":"2026-05-21T21:37:37.927Z"}
{"level":"info","message":"⌛ Validating arania.wlk","timeElapsed":157,"timestamp":"2026-05-21T21:37:38.098Z"}
{"level":"info","message":"⌛ Building environment","timeElapsed":180,"timestamp":"2026-05-21T21:37:39.393Z"}
{"level":"info","message":"⌛ Validating arania.wlk","timeElapsed":174,"timestamp":"2026-05-21T21:37:39.582Z"}
{"level":"info","message":"⌛ Building environment","timeElapsed":192,"timestamp":"2026-05-21T21:37:40.221Z"}
{"level":"info","message":"⌛ Validating arania.wlk","timeElapsed":166,"timestamp":"2026-05-21T21:37:40.388Z"}
{"level":"info","message":"⌛ Building environment","timeElapsed":178,"timestamp":"2026-05-21T21:37:44.225Z"}
{"level":"info","message":"⌛ Building environment","timeElapsed":181,"timestamp":"2026-05-21T21:37:44.464Z"}
{"level":"info","message":"⌛ Validating arania.wlk","timeElapsed":164,"timestamp":"2026-05-21T21:37:44.657Z"}
{"level":"info","message":"⌛ Validating arania.wlk","timeElapsed":209,"timestamp":"2026-05-21T21:37:44.877Z"}
{"level":"info","message":"⌛ Building environment","timeElapsed":131,"timestamp":"2026-05-21T21:37:54.698Z"}
{"level":"info","message":"⌛ Validating enemigos.wlk","timeElapsed":174,"timestamp":"2026-05-21T21:37:54.879Z"}
{"level":"info","message":"⌛ Building environment","timeElapsed":224,"timestamp":"2026-05-21T21:38:03.529Z"}
{"level":"info","message":"⌛ Validating enemigos.wlk","timeElapsed":171,"timestamp":"2026-05-21T21:38:03.727Z"}
{"level":"info","message":"⌛ Building environment","timeElapsed":209,"timestamp":"2026-05-21T21:38:12.032Z"}
{"level":"info","message":"⌛ Validating enemigos.wlk","timeElapsed":179,"timestamp":"2026-05-21T21:38:12.214Z"}
{"level":"info","message":"⌛ Building environment","timeElapsed":157,"timestamp":"2026-05-21T21:38:12.461Z"}
{"level":"info","message":"⌛ Validating enemigos.wlk","timeElapsed":165,"timestamp":"2026-05-21T21:38:12.628Z"}
{"level":"info","message":"⌛ Building environment","timeElapsed":283,"timestamp":"2026-05-21T21:38:20.688Z"}
{"level":"info","message":"⌛ Validating enemigos.wlk","timeElapsed":158,"timestamp":"2026-05-21T21:38:20.879Z"}
{"level":"info","message":"⌛ Building environment","timeElapsed":163,"timestamp":"2026-05-21T21:38:27.268Z"}
{"level":"info","message":"⌛ Validating enemigos.wlk","timeElapsed":164,"timestamp":"2026-05-21T21:38:27.445Z"}
{"level":"info","message":"⌛ Building environment","timeElapsed":145,"timestamp":"2026-05-21T21:38:27.591Z"}
{"level":"info","message":"⌛ Building environment","timeElapsed":188,"timestamp":"2026-05-21T21:38:27.780Z"}
{"level":"info","message":"⌛ Validating enemigos.wlk","timeElapsed":159,"timestamp":"2026-05-21T21:38:27.960Z"}
{"level":"info","message":"⌛ Building environment","timeElapsed":144,"timestamp":"2026-05-21T21:38:28.104Z"}
{"level":"info","message":"⌛ Validating enemigos.wlk","timeElapsed":166,"timestamp":"2026-05-21T21:38:28.271Z"}
{"level":"info","message":"⌛ Validating enemigos.wlk","timeElapsed":154,"timestamp":"2026-05-21T21:38:28.437Z"}
{"level":"info","message":"⌛ Building environment","timeElapsed":210,"timestamp":"2026-05-21T21:38:33.098Z"}
{"level":"info","message":"⌛ Validating enemigos.wlk","timeElapsed":174,"timestamp":"2026-05-21T21:38:33.286Z"}
{"level":"info","message":"⌛ Building environment","timeElapsed":152,"timestamp":"2026-05-21T21:38:34.343Z"}
{"level":"info","message":"⌛ Validating enemigos.wlk","timeElapsed":160,"timestamp":"2026-05-21T21:38:34.518Z"}
{"level":"info","message":"⌛ Building environment","timeElapsed":172,"timestamp":"2026-05-21T21:38:35.645Z"}
{"level":"info","message":"⌛ Validating enemigos.wlk","timeElapsed":151,"timestamp":"2026-05-21T21:38:35.810Z"}
{"level":"info","message":"⌛ Building environment","timeElapsed":169,"timestamp":"2026-05-21T21:38:42.240Z"}
{"level":"info","message":"⌛ Validating enemigos.wlk","timeElapsed":163,"timestamp":"2026-05-21T21:38:42.418Z"}
{"level":"info","message":"⌛ Building environment","timeElapsed":192,"timestamp":"2026-05-21T21:38:48.908Z"}
{"level":"info","message":"⌛ Validating enemigos.wlk","timeElapsed":192,"timestamp":"2026-05-21T21:38:49.104Z"}
{"level":"info","message":"⌛ Building environment","timeElapsed":151,"timestamp":"2026-05-21T21:38:49.255Z"}
{"level":"info","message":"⌛ Validating enemigos.wlk","timeElapsed":148,"timestamp":"2026-05-21T21:38:49.410Z"}
{"level":"info","message":"⌛ Building environment","timeElapsed":162,"timestamp":"2026-05-21T21:38:51.066Z"}
{"level":"info","message":"⌛ Validating enemigos.wlk","timeElapsed":160,"timestamp":"2026-05-21T21:38:51.227Z"}
{"level":"info","message":"⌛ Building environment","timeElapsed":236,"timestamp":"2026-05-21T21:38:51.529Z"}
{"level":"info","message":"⌛ Validating enemigos.wlk","timeElapsed":173,"timestamp":"2026-05-21T21:38:51.716Z"}
{"level":"info","message":"⌛ Building environment","timeElapsed":186,"timestamp":"2026-05-21T21:38:52.044Z"}
{"level":"info","message":"⌛ Validating enemigos.wlk","timeElapsed":191,"timestamp":"2026-05-21T21:38:52.237Z"}
{"level":"info","message":"⌛ Building environment","timeElapsed":165,"timestamp":"2026-05-21T21:38:52.963Z"}
{"level":"info","message":"⌛ Validating enemigos.wlk","timeElapsed":233,"timestamp":"2026-05-21T21:38:53.210Z"}
{"level":"info","message":"⌛ Building environment","timeElapsed":190,"timestamp":"2026-05-21T21:38:57.475Z"}
{"level":"info","message":"⌛ Validating arania.wlk","timeElapsed":159,"timestamp":"2026-05-21T21:38:57.650Z"}
{"level":"info","message":"⌛ Building environment","timeElapsed":174,"timestamp":"2026-05-21T21:38:58.060Z"}
{"level":"info","message":"⌛ Validating arania.wlk","timeElapsed":163,"timestamp":"2026-05-21T21:38:58.238Z"}
{"level":"info","message":"⌛ Building environment","timeElapsed":174,"timestamp":"2026-05-21T21:39:03.237Z"}
{"level":"info","message":"⌛ Validating arania.wlk","timeElapsed":166,"timestamp":"2026-05-21T21:39:03.405Z"}
{"level":"info","message":"⌛ Building environment","timeElapsed":199,"timestamp":"2026-05-21T21:39:09.863Z"}
{"level":"info","message":"⌛ Validating arania.wlk","timeElapsed":155,"timestamp":"2026-05-21T21:39:10.039Z"}
{"level":"info","message":"⌛ Building environment","timeElapsed":179,"timestamp":"2026-05-21T21:39:12.158Z"}
{"level":"info","message":"⌛ Validating arania.wlk","timeElapsed":177,"timestamp":"2026-05-21T21:39:12.336Z"}
{"level":"info","message":"⌛ Building environment","timeElapsed":243,"timestamp":"2026-05-21T21:39:16.230Z"}
{"level":"info","message":"⌛ Validating arania.wlk","timeElapsed":157,"timestamp":"2026-05-21T21:39:16.399Z"}
{"level":"info","message":"⌛ Building environment","timeElapsed":204,"timestamp":"2026-05-21T21:39:18.225Z"}
{"level":"info","message":"⌛ Validating arania.wlk","timeElapsed":156,"timestamp":"2026-05-21T21:39:18.384Z"}
{"level":"info","message":"⌛ Building environment","timeElapsed":203,"timestamp":"2026-05-21T21:39:25.045Z"}
{"level":"info","message":"⌛ Building environment","timeElapsed":205,"timestamp":"2026-05-21T21:39:25.298Z"}
{"level":"info","message":"⌛ Validating enemigos.wlk","timeElapsed":187,"timestamp":"2026-05-21T21:39:25.508Z"}
{"level":"info","message":"⌛ Validating enemigos.wlk","timeElapsed":165,"timestamp":"2026-05-21T21:39:25.685Z"}
{"level":"info","message":"⌛ Building environment","timeElapsed":140,"timestamp":"2026-05-21T21:39:55.449Z"}
{"level":"info","message":"⌛ Validating niveles.wlk","timeElapsed":183,"timestamp":"2026-05-21T21:39:55.653Z"}
{"level":"info","message":"⌛ Building environment","timeElapsed":306,"timestamp":"2026-05-21T21:39:57.540Z"}
{"level":"info","message":"⌛ Validating niveles.wlk","timeElapsed":195,"timestamp":"2026-05-21T21:39:57.898Z"}
{"level":"info","message":"⌛ Building environment","timeElapsed":268,"timestamp":"2026-05-21T21:42:09.305Z"}
{"level":"info","message":"⌛ Validating game.wpgm","timeElapsed":283,"timestamp":"2026-05-21T21:42:09.672Z"}
{"level":"info","message":"⌛ Building environment","timeElapsed":275,"timestamp":"2026-05-21T21:42:18.737Z"}
{"level":"info","message":"⌛ Building environment","timeElapsed":251,"timestamp":"2026-05-21T21:42:19.047Z"}
{"level":"info","message":"⌛ Validating niveles.wlk","timeElapsed":213,"timestamp":"2026-05-21T21:42:19.300Z"}
{"level":"info","message":"⌛ Validating niveles.wlk","timeElapsed":190,"timestamp":"2026-05-21T21:42:19.508Z"}
{"level":"info","message":"⌛ Building environment","timeElapsed":300,"timestamp":"2026-05-21T21:46:08.666Z"}
{"level":"error","message":"✘ Completions for node Send ([4:17, 4:31] - ui.wlk) failed: Error: [Send]{bf40e8} at ui.wlk:4 exhausted all cases without a match [Send]{bf40e8} at ui.wlk:4 exhausted all cases without a match","stack":"Error: [Send]{bf40e8} at ui.wlk:4 exhausted all cases without a match\n    at /home/maitena/.vscode/extensions/uqbar.wollok-lsp-ide-0.5.4/out/server/src/server.js:38:6142\n    at L2 (/home/maitena/.vscode/extensions/uqbar.wollok-lsp-ide-0.5.4/out/server/src/server.js:2389:42)\n    at Jh (/home/maitena/.vscode/extensions/uqbar.wollok-lsp-ide-0.5.4/out/server/src/server.js:2389:1092)\n    at M5n (/home/maitena/.vscode/extensions/uqbar.wollok-lsp-ide-0.5.4/out/server/src/server.js:2389:1248)\n    at /home/maitena/.vscode/extensions/uqbar.wollok-lsp-ide-0.5.4/out/server/src/server.js:38:6131\n    at L2 (/home/maitena/.vscode/extensions/uqbar.wollok-lsp-ide-0.5.4/out/server/src/server.js:2389:42)\n    at /home/maitena/.vscode/extensions/uqbar.wollok-lsp-ide-0.5.4/out/server/src/server.js:2389:2988\n    at /home/maitena/.vscode/extensions/uqbar.wollok-lsp-ide-0.5.4/out/server/src/server.js:2398:8440\n    at /home/maitena/.vscode/extensions/uqbar.wollok-lsp-ide-0.5.4/out/server/src/server.js:37:74872\n    at Ke (/home/maitena/.vscode/extensions/uqbar.wollok-lsp-ide-0.5.4/out/server/src/server.js:7:8527)","timestamp":"2026-05-21T21:46:08.785Z"}
{"level":"info","message":"⌛ Validating ui.wlk","timeElapsed":190,"timestamp":"2026-05-21T21:46:08.994Z"}
{"level":"info","message":"⌛ Building environment","timeElapsed":181,"timestamp":"2026-05-21T21:46:09.520Z"}
{"level":"info","message":"⌛ Validating ui.wlk","timeElapsed":222,"timestamp":"2026-05-21T21:46:09.743Z"}
{"level":"info","message":"⌛ Building environment","timeElapsed":255,"timestamp":"2026-05-21T21:46:10.002Z"}
{"level":"info","message":"⌛ Building environment","timeElapsed":172,"timestamp":"2026-05-21T21:46:10.186Z"}
{"level":"info","message":"⌛ Building environment","timeElapsed":188,"timestamp":"2026-05-21T21:46:10.376Z"}
{"level":"info","message":"⌛ Validating ui.wlk","timeElapsed":294,"timestamp":"2026-05-21T21:46:10.675Z"}
{"level":"info","message":"⌛ Building environment","timeElapsed":193,"timestamp":"2026-05-21T21:46:10.869Z"}
{"level":"info","message":"⌛ Validating ui.wlk","timeElapsed":208,"timestamp":"2026-05-21T21:46:11.090Z"}
{"level":"info","message":"⌛ Validating ui.wlk","timeElapsed":196,"timestamp":"2026-05-21T21:46:11.292Z"}
{"level":"info","message":"⌛ Validating ui.wlk","timeElapsed":186,"timestamp":"2026-05-21T21:46:11.484Z"}
{"level":"info","message":"⌛ Building environment","timeElapsed":158,"timestamp":"2026-05-21T21:46:11.647Z"}
{"level":"info","message":"⌛ Validating ui.wlk","timeElapsed":247,"timestamp":"2026-05-21T21:46:11.903Z"}
{"level":"info","message":"⌛ Building environment","timeElapsed":152,"timestamp":"2026-05-21T21:46:12.356Z"}
{"level":"info","message":"⌛ Validating ui.wlk","timeElapsed":196,"timestamp":"2026-05-21T21:46:12.554Z"}
{"level":"info","message":"⌛ Building environment","timeElapsed":186,"timestamp":"2026-05-21T21:46:13.590Z"}
{"level":"info","message":"⌛ Validating ui.wlk","timeElapsed":180,"timestamp":"2026-05-21T21:46:13.772Z"}
{"level":"info","message":"⌛ Building environment","timeElapsed":152,"timestamp":"2026-05-21T21:46:14.302Z"}
{"level":"info","message":"⌛ Validating ui.wlk","timeElapsed":178,"timestamp":"2026-05-21T21:46:14.482Z"}
{"level":"info","message":"⌛ Building environment","timeElapsed":159,"timestamp":"2026-05-21T21:46:15.133Z"}
{"level":"info","message":"⌛ Validating ui.wlk","timeElapsed":192,"timestamp":"2026-05-21T21:46:15.327Z"}
{"level":"info","message":"⌛ Building environment","timeElapsed":163,"timestamp":"2026-05-21T21:46:15.492Z"}
{"level":"info","message":"⌛ Building environment","timeElapsed":174,"timestamp":"2026-05-21T21:46:15.667Z"}
{"level":"info","message":"⌛ Building environment","timeElapsed":169,"timestamp":"2026-05-21T21:46:15.837Z"}
{"level":"info","message":"⌛ Validating ui.wlk","timeElapsed":215,"timestamp":"2026-05-21T21:46:16.054Z"}
{"level":"info","message":"⌛ Validating ui.wlk","timeElapsed":187,"timestamp":"2026-05-21T21:46:16.241Z"}
{"level":"info","message":"⌛ Building environment","timeElapsed":302,"timestamp":"2026-05-21T21:46:16.559Z"}
{"level":"info","message":"⌛ Validating ui.wlk","timeElapsed":169,"timestamp":"2026-05-21T21:46:16.748Z"}
{"level":"info","message":"⌛ Building environment","timeElapsed":141,"timestamp":"2026-05-21T21:46:16.889Z"}
{"level":"info","message":"⌛ Building environment","timeElapsed":235,"timestamp":"2026-05-21T21:46:17.136Z"}
{"level":"info","message":"⌛ Validating ui.wlk","timeElapsed":166,"timestamp":"2026-05-21T21:46:17.341Z"}
{"level":"info","message":"⌛ Building environment","timeElapsed":155,"timestamp":"2026-05-21T21:46:17.496Z"}
{"level":"error","message":"✘ Completions for node Send ([4:17, 4:30] - ui.wlk) failed: Error: [Send]{ec9e3c} at ui.wlk:4 exhausted all cases without a match [Send]{ec9e3c} at ui.wlk:4 exhausted all cases without a match","stack":"Error: [Send]{ec9e3c} at ui.wlk:4 exhausted all cases without a match\n    at /home/maitena/.vscode/extensions/uqbar.wollok-lsp-ide-0.5.4/out/server/src/server.js:38:6142\n    at L2 (/home/maitena/.vscode/extensions/uqbar.wollok-lsp-ide-0.5.4/out/server/src/server.js:2389:42)\n    at Jh (/home/maitena/.vscode/extensions/uqbar.wollok-lsp-ide-0.5.4/out/server/src/server.js:2389:1092)\n    at M5n (/home/maitena/.vscode/extensions/uqbar.wollok-lsp-ide-0.5.4/out/server/src/server.js:2389:1248)\n    at /home/maitena/.vscode/extensions/uqbar.wollok-lsp-ide-0.5.4/out/server/src/server.js:38:6131\n    at L2 (/home/maitena/.vscode/extensions/uqbar.wollok-lsp-ide-0.5.4/out/server/src/server.js:2389:42)\n    at /home/maitena/.vscode/extensions/uqbar.wollok-lsp-ide-0.5.4/out/server/src/server.js:2389:2988\n    at /home/maitena/.vscode/extensions/uqbar.wollok-lsp-ide-0.5.4/out/server/src/server.js:2398:8440\n    at /home/maitena/.vscode/extensions/uqbar.wollok-lsp-ide-0.5.4/out/server/src/server.js:37:74872\n    at Ke (/home/maitena/.vscode/extensions/uqbar.wollok-lsp-ide-0.5.4/out/server/src/server.js:7:8527)","timestamp":"2026-05-21T21:46:17.553Z"}
{"level":"info","message":"⌛ Validating ui.wlk","timeElapsed":169,"timestamp":"2026-05-21T21:46:17.722Z"}
{"level":"info","message":"⌛ Validating ui.wlk","timeElapsed":170,"timestamp":"2026-05-21T21:46:17.905Z"}
{"level":"info","message":"⌛ Validating ui.wlk","timeElapsed":175,"timestamp":"2026-05-21T21:46:18.081Z"}
{"level":"info","message":"⌛ Building environment","timeElapsed":171,"timestamp":"2026-05-21T21:47:13.173Z"}
{"level":"info","message":"⌛ Building environment","timeElapsed":166,"timestamp":"2026-05-21T21:47:13.340Z"}
{"level":"info","message":"⌛ Validating ui.wlk","timeElapsed":171,"timestamp":"2026-05-21T21:47:13.535Z"}
{"level":"info","message":"⌛ Validating ui.wlk","timeElapsed":151,"timestamp":"2026-05-21T21:47:13.686Z"}
{"level":"info","message":"⌛ Building environment","timeElapsed":154,"timestamp":"2026-05-21T21:47:13.899Z"}
{"level":"info","message":"⌛ Validating ui.wlk","timeElapsed":191,"timestamp":"2026-05-21T21:47:14.131Z"}
{"level":"info","message":"⌛ Building environment","timeElapsed":164,"timestamp":"2026-05-21T21:47:14.298Z"}
{"level":"info","message":"⌛ Building environment","timeElapsed":210,"timestamp":"2026-05-21T21:47:14.509Z"}
{"level":"info","message":"⌛ Validating ui.wlk","timeElapsed":187,"timestamp":"2026-05-21T21:47:14.747Z"}
{"level":"info","message":"⌛ Validating ui.wlk","timeElapsed":216,"timestamp":"2026-05-21T21:47:14.971Z"}
{"level":"info","message":"⌛ Building environment","timeElapsed":158,"timestamp":"2026-05-21T21:47:15.129Z"}
{"level":"info","message":"⌛ Building environment","timeElapsed":172,"timestamp":"2026-05-21T21:47:15.352Z"}
{"level":"info","message":"⌛ Building environment","timeElapsed":377,"timestamp":"2026-05-21T21:47:15.729Z"}
{"level":"info","message":"⌛ Validating ui.wlk","timeElapsed":197,"timestamp":"2026-05-21T21:47:15.936Z"}
{"level":"info","message":"⌛ Validating ui.wlk","timeElapsed":185,"timestamp":"2026-05-21T21:47:16.193Z"}
{"level":"info","message":"⌛ Validating ui.wlk","timeElapsed":176,"timestamp":"2026-05-21T21:47:16.371Z"}
{"level":"info","message":"⌛ Building environment","timeElapsed":225,"timestamp":"2026-05-21T21:47:17.654Z"}
{"level":"info","message":"⌛ Building environment","timeElapsed":165,"timestamp":"2026-05-21T21:47:17.881Z"}
{"level":"info","message":"⌛ Validating ui.wlk","timeElapsed":181,"timestamp":"2026-05-21T21:47:18.113Z"}
{"level":"info","message":"⌛ Building environment","timeElapsed":178,"timestamp":"2026-05-21T21:47:18.292Z"}
{"level":"info","message":"⌛ Validating ui.wlk","timeElapsed":169,"timestamp":"2026-05-21T21:47:18.507Z"}
{"level":"info","message":"⌛ Building environment","timeElapsed":150,"timestamp":"2026-05-21T21:47:18.659Z"}
{"level":"info","message":"⌛ Building environment","timeElapsed":165,"timestamp":"2026-05-21T21:47:18.840Z"}
{"level":"info","message":"⌛ Validating ui.wlk","timeElapsed":191,"timestamp":"2026-05-21T21:47:19.033Z"}
{"level":"info","message":"⌛ Validating ui.wlk","timeElapsed":180,"timestamp":"2026-05-21T21:47:19.222Z"}
{"level":"info","message":"⌛ Validating ui.wlk","timeElapsed":207,"timestamp":"2026-05-21T21:47:19.429Z"}
{"level":"info","message":"⌛ Building environment","timeElapsed":151,"timestamp":"2026-05-21T21:47:20.565Z"}
{"level":"info","message":"⌛ Validating ui.wlk","timeElapsed":180,"timestamp":"2026-05-21T21:47:20.784Z"}
{"level":"info","message":"⌛ Building environment","timeElapsed":237,"timestamp":"2026-05-21T21:47:21.023Z"}
{"level":"info","message":"⌛ Validating ui.wlk","timeElapsed":178,"timestamp":"2026-05-21T21:47:21.210Z"}
{"level":"info","message":"⌛ Building environment","timeElapsed":161,"timestamp":"2026-05-21T21:47:22.150Z"}
{"level":"info","message":"⌛ Validating ui.wlk","timeElapsed":174,"timestamp":"2026-05-21T21:47:22.337Z"}
{"level":"info","message":"⌛ Building environment","timeElapsed":142,"timestamp":"2026-05-21T21:47:22.480Z"}
{"level":"info","message":"⌛ Validating ui.wlk","timeElapsed":164,"timestamp":"2026-05-21T21:47:22.658Z"}
{"level":"info","message":"⌛ Building environment","timeElapsed":148,"timestamp":"2026-05-21T21:47:22.978Z"}
{"level":"info","message":"⌛ Validating ui.wlk","timeElapsed":171,"timestamp":"2026-05-21T21:47:23.204Z"}
{"level":"info","message":"⌛ Building environment","timeElapsed":149,"timestamp":"2026-05-21T21:47:23.355Z"}
{"level":"info","message":"⌛ Validating ui.wlk","timeElapsed":189,"timestamp":"2026-05-21T21:47:23.553Z"}
{"level":"info","message":"⌛ Building environment","timeElapsed":155,"timestamp":"2026-05-21T21:47:23.708Z"}
{"level":"info","message":"⌛ Building environment","timeElapsed":164,"timestamp":"2026-05-21T21:47:23.874Z"}
{"level":"info","message":"⌛ Validating ui.wlk","timeElapsed":166,"timestamp":"2026-05-21T21:47:24.106Z"}
{"level":"info","message":"⌛ Building environment","timeElapsed":164,"timestamp":"2026-05-21T21:47:24.270Z"}
{"level":"info","message":"⌛ Validating ui.wlk","timeElapsed":186,"timestamp":"2026-05-21T21:47:24.458Z"}
{"level":"info","message":"⌛ Building environment","timeElapsed":415,"timestamp":"2026-05-21T21:47:24.874Z"}
{"level":"info","message":"⌛ Building environment","timeElapsed":153,"timestamp":"2026-05-21T21:47:25.035Z"}
{"level":"info","message":"⌛ Validating ui.wlk","timeElapsed":196,"timestamp":"2026-05-21T21:47:25.307Z"}
{"level":"info","message":"⌛ Validating ui.wlk","timeElapsed":237,"timestamp":"2026-05-21T21:47:25.552Z"}
{"level":"info","message":"⌛ Validating ui.wlk","timeElapsed":170,"timestamp":"2026-05-21T21:47:25.724Z"}
{"level":"info","message":"⌛ Building environment","timeElapsed":158,"timestamp":"2026-05-21T21:47:26.842Z"}
{"level":"info","message":"⌛ Validating ui.wlk","timeElapsed":180,"timestamp":"2026-05-21T21:47:27.082Z"}
{"level":"info","message":"⌛ Building environment","timeElapsed":164,"timestamp":"2026-05-21T21:47:29.688Z"}
{"level":"info","message":"⌛ Building environment","timeElapsed":200,"timestamp":"2026-05-21T21:47:29.926Z"}
{"level":"info","message":"⌛ Validating ui.wlk","timeElapsed":179,"timestamp":"2026-05-21T21:47:30.106Z"}
{"level":"info","message":"⌛ Building environment","timeElapsed":169,"timestamp":"2026-05-21T21:47:30.277Z"}
{"level":"info","message":"⌛ Validating ui.wlk","timeElapsed":201,"timestamp":"2026-05-21T21:47:30.478Z"}
{"level":"info","message":"⌛ Building environment","timeElapsed":240,"timestamp":"2026-05-21T21:47:30.722Z"}
{"level":"info","message":"⌛ Validating ui.wlk","timeElapsed":213,"timestamp":"2026-05-21T21:47:30.955Z"}
{"level":"info","message":"⌛ Building environment","timeElapsed":146,"timestamp":"2026-05-21T21:47:31.102Z"}
{"level":"info","message":"⌛ Validating ui.wlk","timeElapsed":188,"timestamp":"2026-05-21T21:47:31.313Z"}
{"level":"info","message":"⌛ Building environment","timeElapsed":201,"timestamp":"2026-05-21T21:47:31.515Z"}
{"level":"info","message":"⌛ Validating ui.wlk","timeElapsed":220,"timestamp":"2026-05-21T21:47:31.750Z"}
{"level":"info","message":"⌛ Validating ui.wlk","timeElapsed":191,"timestamp":"2026-05-21T21:47:31.948Z"}
{"level":"info","message":"⌛ Building environment","timeElapsed":165,"timestamp":"2026-05-21T21:47:40.068Z"}
{"level":"error","message":"✘ Completions for node Send ([23:20, 23:30] - ui.wlk) failed: Error: [Send]{d44a6b} at ui.wlk:23 exhausted all cases without a match [Send]{d44a6b} at ui.wlk:23 exhausted all cases without a match","stack":"Error: [Send]{d44a6b} at ui.wlk:23 exhausted all cases without a match\n    at /home/maitena/.vscode/extensions/uqbar.wollok-lsp-ide-0.5.4/out/server/src/server.js:38:6142\n    at L2 (/home/maitena/.vscode/extensions/uqbar.wollok-lsp-ide-0.5.4/out/server/src/server.js:2389:42)\n    at Jh (/home/maitena/.vscode/extensions/uqbar.wollok-lsp-ide-0.5.4/out/server/src/server.js:2389:1092)\n    at M5n (/home/maitena/.vscode/extensions/uqbar.wollok-lsp-ide-0.5.4/out/server/src/server.js:2389:1248)\n    at /home/maitena/.vscode/extensions/uqbar.wollok-lsp-ide-0.5.4/out/server/src/server.js:38:6131\n    at L2 (/home/maitena/.vscode/extensions/uqbar.wollok-lsp-ide-0.5.4/out/server/src/server.js:2389:42)\n    at /home/maitena/.vscode/extensions/uqbar.wollok-lsp-ide-0.5.4/out/server/src/server.js:2389:2988\n    at /home/maitena/.vscode/extensions/uqbar.wollok-lsp-ide-0.5.4/out/server/src/server.js:2398:8440\n    at /home/maitena/.vscode/extensions/uqbar.wollok-lsp-ide-0.5.4/out/server/src/server.js:37:74872\n    at Ke (/home/maitena/.vscode/extensions/uqbar.wollok-lsp-ide-0.5.4/out/server/src/server.js:7:8527)","timestamp":"2026-05-21T21:47:40.127Z"}
{"level":"error","message":"✘ Completions for node Assignment ([23:9, 23:30] - ui.wlk) failed: Error: [Assignment]{bca45e} at ui.wlk:23 exhausted all cases without a match [Assignment]{bca45e} at ui.wlk:23 exhausted all cases without a match","stack":"Error: [Assignment]{bca45e} at ui.wlk:23 exhausted all cases without a match\n    at /home/maitena/.vscode/extensions/uqbar.wollok-lsp-ide-0.5.4/out/server/src/server.js:38:6142\n    at L2 (/home/maitena/.vscode/extensions/uqbar.wollok-lsp-ide-0.5.4/out/server/src/server.js:2389:42)\n    at Jh (/home/maitena/.vscode/extensions/uqbar.wollok-lsp-ide-0.5.4/out/server/src/server.js:2389:1092)\n    at L2 (/home/maitena/.vscode/extensions/uqbar.wollok-lsp-ide-0.5.4/out/server/src/server.js:2389:544)\n    at Jh (/home/maitena/.vscode/extensions/uqbar.wollok-lsp-ide-0.5.4/out/server/src/server.js:2389:1092)\n    at M5n (/home/maitena/.vscode/extensions/uqbar.wollok-lsp-ide-0.5.4/out/server/src/server.js:2389:1248)\n    at /home/maitena/.vscode/extensions/uqbar.wollok-lsp-ide-0.5.4/out/server/src/server.js:38:6131\n    at L2 (/home/maitena/.vscode/extensions/uqbar.wollok-lsp-ide-0.5.4/out/server/src/server.js:2389:42)\n    at /home/maitena/.vscode/extensions/uqbar.wollok-lsp-ide-0.5.4/out/server/src/server.js:2389:2988\n    at /home/maitena/.vscode/extensions/uqbar.wollok-lsp-ide-0.5.4/out/server/src/server.js:2398:8440","timestamp":"2026-05-21T21:47:40.128Z"}
{"level":"info","message":"⌛ Validating ui.wlk","timeElapsed":176,"timestamp":"2026-05-21T21:47:40.317Z"}
{"level":"info","message":"⌛ Building environment","timeElapsed":154,"timestamp":"2026-05-21T21:47:40.471Z"}
{"level":"info","message":"⌛ Building environment","timeElapsed":219,"timestamp":"2026-05-21T21:47:40.706Z"}
{"level":"info","message":"⌛ Validating ui.wlk","timeElapsed":173,"timestamp":"2026-05-21T21:47:40.892Z"}
{"level":"info","message":"⌛ Building environment","timeElapsed":156,"timestamp":"2026-05-21T21:47:41.051Z"}
{"level":"info","message":"⌛ Validating ui.wlk","timeElapsed":180,"timestamp":"2026-05-21T21:47:41.232Z"}
{"level":"info","message":"⌛ Validating ui.wlk","timeElapsed":181,"timestamp":"2026-05-21T21:47:41.424Z"}
{"level":"info","message":"⌛ Building environment","timeElapsed":165,"timestamp":"2026-05-21T21:47:42.714Z"}
{"level":"info","message":"⌛ Validating ui.wlk","timeElapsed":183,"timestamp":"2026-05-21T21:47:42.910Z"}
{"level":"info","message":"⌛ Building environment","timeElapsed":415,"timestamp":"2026-05-21T21:49:54.733Z"}
{"level":"info","message":"⌛ Validating arania.wlk","timeElapsed":202,"timestamp":"2026-05-21T21:49:55.061Z"}
{"level":"info","message":"⌛ Building environment","timeElapsed":239,"timestamp":"2026-05-21T21:50:16.919Z"}
{"level":"info","message":"⌛ Validating game.wpgm","timeElapsed":233,"timestamp":"2026-05-21T21:50:17.246Z"}
{"level":"info","message":"⌛ Building environment","timeElapsed":297,"timestamp":"2026-05-21T21:50:24.853Z"}
{"level":"info","message":"⌛ Validating niveles.wlk","timeElapsed":230,"timestamp":"2026-05-21T21:50:25.142Z"}
{"level":"info","message":"⌛ Building environment","timeElapsed":336,"timestamp":"2026-05-21T21:50:37.771Z"}
{"level":"info","message":"⌛ Building environment","timeElapsed":260,"timestamp":"2026-05-21T21:50:38.032Z"}
{"level":"info","message":"⌛ Building environment","timeElapsed":253,"timestamp":"2026-05-21T21:50:38.285Z"}
{"level":"info","message":"⌛ Validating niveles.wpgm","timeElapsed":208,"timestamp":"2026-05-21T21:50:38.535Z"}
{"level":"info","message":"Removing diagnostics from /home/maitena/Documentos/Arachnida-Game/niveles.wlk","timestamp":"2026-05-21T21:50:38.536Z"}
{"level":"info","message":"⌛ Building environment","timeElapsed":162,"timestamp":"2026-05-21T21:50:38.749Z"}
{"level":"info","message":"⌛ Building environment","timeElapsed":143,"timestamp":"2026-05-21T21:50:38.894Z"}
{"level":"info","message":"⌛ Building environment","timeElapsed":201,"timestamp":"2026-05-21T21:50:39.096Z"}
{"level":"info","message":"⌛ Building environment","timeElapsed":206,"timestamp":"2026-05-21T21:50:39.302Z"}
{"level":"info","message":"⌛ Validating enemigos.wlk","timeElapsed":159,"timestamp":"2026-05-21T21:50:39.461Z"}
{"level":"info","message":"⌛ Validating game.wpgm","timeElapsed":161,"timestamp":"2026-05-21T21:50:39.623Z"}
{"level":"info","message":"⌛ Validating ui.wlk","timeElapsed":174,"timestamp":"2026-05-21T21:50:39.797Z"}
{"level":"info","message":"⌛ Validating arania.wlk","timeElapsed":195,"timestamp":"2026-05-21T21:50:39.992Z"}
{"level":"info","message":"⌛ Building environment","timeElapsed":202,"timestamp":"2026-05-21T21:50:54.885Z"}
{"level":"info","message":"⌛ Validating game.wpgm","timeElapsed":239,"timestamp":"2026-05-21T21:50:55.126Z"}
{"level":"info","message":"⌛ Building environment","timeElapsed":159,"timestamp":"2026-05-21T21:50:55.296Z"}
{"level":"info","message":"⌛ Validating game.wpgm","timeElapsed":182,"timestamp":"2026-05-21T21:50:55.486Z"}
{"level":"info","message":"⌛ Building environment","timeElapsed":189,"timestamp":"2026-05-21T21:50:56.059Z"}
{"level":"info","message":"⌛ Validating game.wpgm","timeElapsed":248,"timestamp":"2026-05-21T21:50:56.309Z"}
{"level":"info","message":"⌛ Building environment","timeElapsed":176,"timestamp":"2026-05-21T21:51:17.095Z"}
{"level":"info","message":"⌛ Validating game.wpgm","timeElapsed":182,"timestamp":"2026-05-21T21:51:17.280Z"}
{"level":"info","message":"⌛ Building environment","timeElapsed":156,"timestamp":"2026-05-21T21:51:17.702Z"}
{"level":"info","message":"⌛ Validating game.wpgm","timeElapsed":260,"timestamp":"2026-05-21T21:51:18.006Z"}
{"level":"info","message":"⌛ Building environment","timeElapsed":164,"timestamp":"2026-05-21T21:51:18.636Z"}
{"level":"info","message":"⌛ Validating game.wpgm","timeElapsed":181,"timestamp":"2026-05-21T21:51:18.819Z"}
{"level":"info","message":"⌛ Building environment","timeElapsed":164,"timestamp":"2026-05-21T21:51:18.998Z"}
{"level":"info","message":"⌛ Building environment","timeElapsed":138,"timestamp":"2026-05-21T21:51:19.136Z"}
{"level":"info","message":"⌛ Validating game.wpgm","timeElapsed":170,"timestamp":"2026-05-21T21:51:19.348Z"}
{"level":"info","message":"⌛ Validating game.wpgm","timeElapsed":163,"timestamp":"2026-05-21T21:51:19.512Z"}
{"level":"info","message":"⌛ Building environment","timeElapsed":166,"timestamp":"2026-05-21T21:51:21.532Z"}
{"level":"info","message":"⌛ Validating game.wpgm","timeElapsed":182,"timestamp":"2026-05-21T21:51:21.717Z"}
{"level":"info","message":"⌛ Building environment","timeElapsed":210,"timestamp":"2026-05-21T21:51:23.498Z"}
{"level":"info","message":"⌛ Validating game.wpgm","timeElapsed":198,"timestamp":"2026-05-21T21:51:23.709Z"}
{"level":"info","message":"⌛ Building environment","timeElapsed":147,"timestamp":"2026-05-21T21:51:23.864Z"}
{"level":"info","message":"⌛ Validating game.wpgm","timeElapsed":247,"timestamp":"2026-05-21T21:51:24.114Z"}
{"level":"info","message":"⌛ Building environment","timeElapsed":166,"timestamp":"2026-05-21T21:51:27.523Z"}
{"level":"info","message":"⌛ Validating game.wpgm","timeElapsed":171,"timestamp":"2026-05-21T21:51:27.697Z"}
{"level":"info","message":"⌛ Building environment","timeElapsed":146,"timestamp":"2026-05-21T21:51:27.958Z"}
{"level":"info","message":"⌛ Validating game.wpgm","timeElapsed":164,"timestamp":"2026-05-21T21:51:28.124Z"}
{"level":"info","message":"⌛ Building environment","timeElapsed":150,"timestamp":"2026-05-21T21:51:28.493Z"}
{"level":"info","message":"⌛ Validating game.wpgm","timeElapsed":186,"timestamp":"2026-05-21T21:51:28.711Z"}
{"level":"info","message":"⌛ Building environment","timeElapsed":150,"timestamp":"2026-05-21T21:51:30.334Z"}
{"level":"info","message":"⌛ Validating game.wpgm","timeElapsed":174,"timestamp":"2026-05-21T21:51:30.510Z"}
{"level":"info","message":"⌛ Building environment","timeElapsed":255,"timestamp":"2026-05-21T21:51:32.254Z"}
{"level":"info","message":"⌛ Validating niveles.wpgm","timeElapsed":200,"timestamp":"2026-05-21T21:51:32.483Z"}
{"level":"info","message":"⌛ Building environment","timeElapsed":640,"timestamp":"2026-05-21T21:51:41.532Z"}
{"level":"info","message":"⌛ Building environment","timeElapsed":189,"timestamp":"2026-05-21T21:51:41.722Z"}
{"level":"info","message":"⌛ Building environment","timeElapsed":359,"timestamp":"2026-05-21T21:51:42.081Z"}
{"level":"info","message":"⌛ Validating niveles.wlk","timeElapsed":201,"timestamp":"2026-05-21T21:51:42.327Z"}
{"level":"info","message":"Removing diagnostics from /home/maitena/Documentos/Arachnida-Game/niveles.wpgm","timestamp":"2026-05-21T21:51:42.327Z"}
{"level":"info","message":"⌛ Building environment","timeElapsed":311,"timestamp":"2026-05-21T21:52:02.809Z"}
{"level":"info","message":"⌛ Validating niveles.wlk","timeElapsed":199,"timestamp":"2026-05-21T21:52:03.175Z"}
{"level":"info","message":"⌛ Building environment","timeElapsed":280,"timestamp":"2026-05-21T21:52:15.984Z"}
{"level":"info","message":"⌛ Building environment","timeElapsed":245,"timestamp":"2026-05-21T21:52:16.231Z"}
{"level":"info","message":"⌛ Validating niveles.wlk","timeElapsed":206,"timestamp":"2026-05-21T21:52:16.437Z"}
{"level":"info","message":"⌛ Building environment","timeElapsed":221,"timestamp":"2026-05-21T21:52:16.659Z"}
{"level":"info","message":"⌛ Building environment","timeElapsed":235,"timestamp":"2026-05-21T21:52:16.896Z"}
{"level":"info","message":"⌛ Validating niveles.wlk","timeElapsed":162,"timestamp":"2026-05-21T21:52:17.075Z"}
{"level":"info","message":"⌛ Building environment","timeElapsed":200,"timestamp":"2026-05-21T21:52:17.275Z"}
{"level":"info","message":"⌛ Validating niveles.wlk","timeElapsed":171,"timestamp":"2026-05-21T21:52:17.468Z"}
{"level":"info","message":"⌛ Validating niveles.wlk","timeElapsed":164,"timestamp":"2026-05-21T21:52:17.649Z"}
{"level":"info","message":"⌛ Validating niveles.wlk","timeElapsed":172,"timestamp":"2026-05-21T21:52:17.823Z"}
{"level":"info","message":"⌛ Building environment","timeElapsed":199,"timestamp":"2026-05-21T21:52:18.282Z"}
{"level":"info","message":"⌛ Validating niveles.wlk","timeElapsed":204,"timestamp":"2026-05-21T21:52:18.488Z"}
{"level":"info","message":"⌛ Building environment","timeElapsed":338,"timestamp":"2026-05-21T21:52:26.611Z"}
{"level":"info","message":"⌛ Building environment","timeElapsed":218,"timestamp":"2026-05-21T21:52:26.851Z"}
{"level":"info","message":"⌛ Validating niveles.wlk","timeElapsed":167,"timestamp":"2026-05-21T21:52:27.033Z"}
{"level":"info","message":"⌛ Validating niveles.wlk","timeElapsed":190,"timestamp":"2026-05-21T21:52:27.245Z"}
{"level":"info","message":"⌛ Building environment","timeElapsed":266,"timestamp":"2026-05-21T21:52:27.512Z"}
{"level":"info","message":"⌛ Validating niveles.wlk","timeElapsed":173,"timestamp":"2026-05-21T21:52:27.710Z"}
{"level":"info","message":"⌛ Building environment","timeElapsed":199,"timestamp":"2026-05-21T21:52:44.534Z"}
{"level":"info","message":"⌛ Validating arania.wlk","timeElapsed":259,"timestamp":"2026-05-21T21:52:44.796Z"}
{"level":"info","message":"⌛ Building environment","timeElapsed":172,"timestamp":"2026-05-21T21:52:45.274Z"}
{"level":"info","message":"⌛ Validating arania.wlk","timeElapsed":194,"timestamp":"2026-05-21T21:52:45.505Z"}
{"level":"info","message":"⌛ Building environment","timeElapsed":181,"timestamp":"2026-05-21T21:52:45.689Z"}
{"level":"info","message":"⌛ Building environment","timeElapsed":194,"timestamp":"2026-05-21T21:52:45.893Z"}
{"level":"info","message":"⌛ Building environment","timeElapsed":296,"timestamp":"2026-05-21T21:52:46.195Z"}
{"level":"info","message":"⌛ Validating arania.wlk","timeElapsed":208,"timestamp":"2026-05-21T21:52:46.405Z"}
{"level":"info","message":"⌛ Building environment","timeElapsed":176,"timestamp":"2026-05-21T21:52:46.582Z"}
{"level":"info","message":"⌛ Validating arania.wlk","timeElapsed":221,"timestamp":"2026-05-21T21:52:46.803Z"}
{"level":"error","message":"✘ Failed to rebuild document Failed to parse arania.wlk: \n-- PARSING FAILED --------------------------------------------------\n\n  37 |             unaTelarania.dispararTelarania()\n  38 |             unaTelarania.eliminarSiNoColisiono()\n> 39 |             }\n     |             ^\n  40 |         else{\n  41 |             self.setDerrota(true)\n\nExpected one of the following: \n\n'@', 'class', 'const', 'describe', 'mixin', 'object', 'only', 'package', 'program', 'test', 'var', '{', EOF, comment, not \"}\n        \", whitespace\n","stack":"Error: Failed to parse arania.wlk: \n-- PARSING FAILED --------------------------------------------------\n\n  37 |             unaTelarania.dispararTelarania()\n  38 |             unaTelarania.eliminarSiNoColisiono()\n> 39 |             }\n     |             ^\n  40 |         else{\n  41 |             self.setDerrota(true)\n\nExpected one of the following: \n\n'@', 'class', 'const', 'describe', 'mixin', 'object', 'only', 'package', 'program', 'test', 'var', '{', EOF, comment, not \"}\n        \", whitespace\n\n    at /home/maitena/.vscode/extensions/uqbar.wollok-lsp-ide-0.5.4/out/server/src/server.js:2353:13026\n    at Array.map (<anonymous>)\n    at U1n (/home/maitena/.vscode/extensions/uqbar.wollok-lsp-ide-0.5.4/out/server/src/server.js:2353:12950)\n    at H2.buildEnvironmentFrom (/home/maitena/.vscode/extensions/uqbar.wollok-lsp-ide-0.5.4/out/server/src/server.js:2398:5254)\n    at H2.updateEnvironmentWith (/home/maitena/.vscode/extensions/uqbar.wollok-lsp-ide-0.5.4/out/server/src/server.js:2398:4989)\n    at GF (/home/maitena/.vscode/extensions/uqbar.wollok-lsp-ide-0.5.4/out/server/src/server.js:2398:7383)\n    at V3.invoke (/home/maitena/.vscode/extensions/uqbar.wollok-lsp-ide-0.5.4/out/server/src/server.js:3:157328)\n    at o.fire (/home/maitena/.vscode/extensions/uqbar.wollok-lsp-ide-0.5.4/out/server/src/server.js:3:158098)\n    at /home/maitena/.vscode/extensions/uqbar.wollok-lsp-ide-0.5.4/out/server/src/server.js:37:57871\n    at nd (/home/maitena/.vscode/extensions/uqbar.wollok-lsp-ide-0.5.4/out/server/src/server.js:8:1561)","timestamp":"2026-05-21T21:52:46.832Z"}
{"level":"error","message":"✘ Failed to rebuild document Failed to parse arania.wlk: \n-- PARSING FAILED --------------------------------------------------\n\n  37 |             unaTelarania.dispararTelarania()\n  38 |             unaTelarania.eliminarSiNoColisiono()\n> 39 |             }\n     |             ^\n  40 |         else{\n  41 |             self.setDerrota(true)\n\nExpected one of the following: \n\n'@', 'class', 'const', 'describe', 'mixin', 'object', 'only', 'package', 'program', 'test', 'var', '{', EOF, comment, not \"}\n        \", whitespace\n","stack":"Error: Failed to parse arania.wlk: \n-- PARSING FAILED --------------------------------------------------\n\n  37 |             unaTelarania.dispararTelarania()\n  38 |             unaTelarania.eliminarSiNoColisiono()\n> 39 |             }\n     |             ^\n  40 |         else{\n  41 |             self.setDerrota(true)\n\nExpected one of the following: \n\n'@', 'class', 'const', 'describe', 'mixin', 'object', 'only', 'package', 'program', 'test', 'var', '{', EOF, comment, not \"}\n        \", whitespace\n\n    at /home/maitena/.vscode/extensions/uqbar.wollok-lsp-ide-0.5.4/out/server/src/server.js:2353:13026\n    at Array.map (<anonymous>)\n    at U1n (/home/maitena/.vscode/extensions/uqbar.wollok-lsp-ide-0.5.4/out/server/src/server.js:2353:12950)\n    at H2.buildEnvironmentFrom (/home/maitena/.vscode/extensions/uqbar.wollok-lsp-ide-0.5.4/out/server/src/server.js:2398:5254)\n    at H2.updateEnvironmentWith (/home/maitena/.vscode/extensions/uqbar.wollok-lsp-ide-0.5.4/out/server/src/server.js:2398:4989)\n    at GF (/home/maitena/.vscode/extensions/uqbar.wollok-lsp-ide-0.5.4/out/server/src/server.js:2398:7383)\n    at V3.invoke (/home/maitena/.vscode/extensions/uqbar.wollok-lsp-ide-0.5.4/out/server/src/server.js:3:157328)\n    at o.fire (/home/maitena/.vscode/extensions/uqbar.wollok-lsp-ide-0.5.4/out/server/src/server.js:3:158098)\n    at /home/maitena/.vscode/extensions/uqbar.wollok-lsp-ide-0.5.4/out/server/src/server.js:37:57871\n    at nd (/home/maitena/.vscode/extensions/uqbar.wollok-lsp-ide-0.5.4/out/server/src/server.js:8:1561)","timestamp":"2026-05-21T21:52:46.867Z"}
{"level":"info","message":"⌛ Validating arania.wlk","timeElapsed":223,"timestamp":"2026-05-21T21:52:47.091Z"}
{"level":"info","message":"⌛ Building environment","timeElapsed":189,"timestamp":"2026-05-21T21:52:47.282Z"}
{"level":"info","message":"⌛ Building environment","timeElapsed":193,"timestamp":"2026-05-21T21:52:47.528Z"}
{"level":"info","message":"⌛ Validating arania.wlk","timeElapsed":210,"timestamp":"2026-05-21T21:52:47.739Z"}
{"level":"info","message":"⌛ Building environment","timeElapsed":173,"timestamp":"2026-05-21T21:52:47.913Z"}
{"level":"info","message":"⌛ Building environment","timeElapsed":185,"timestamp":"2026-05-21T21:52:48.117Z"}
{"level":"info","message":"⌛ Building environment","timeElapsed":213,"timestamp":"2026-05-21T21:52:48.349Z"}
{"level":"info","message":"⌛ Building environment","timeElapsed":188,"timestamp":"2026-05-21T21:52:48.537Z"}
{"level":"info","message":"⌛ Validating arania.wlk","timeElapsed":193,"timestamp":"2026-05-21T21:52:48.749Z"}
{"level":"error","message":"✘ Failed to rebuild document Failed to parse arania.wlk: \n-- PARSING FAILED --------------------------------------------------\n\n  37 |             unaTelarania.dispararTelarania()\n  38 |             unaTelarania.eliminarSiNoColisiono()\n> 39 |             }\n     |             ^\n  40 |         else{\n  41 |             self.setDerrota(true)\n\nExpected one of the following: \n\n'@', 'class', 'const', 'describe', 'mixin', 'object', 'only', 'package', 'program', 'test', 'var', '{', EOF, comment, not \"}\n        \", whitespace\n","stack":"Error: Failed to parse arania.wlk: \n-- PARSING FAILED --------------------------------------------------\n\n  37 |             unaTelarania.dispararTelarania()\n  38 |             unaTelarania.eliminarSiNoColisiono()\n> 39 |             }\n     |             ^\n  40 |         else{\n  41 |             self.setDerrota(true)\n\nExpected one of the following: \n\n'@', 'class', 'const', 'describe', 'mixin', 'object', 'only', 'package', 'program', 'test', 'var', '{', EOF, comment, not \"}\n        \", whitespace\n\n    at /home/maitena/.vscode/extensions/uqbar.wollok-lsp-ide-0.5.4/out/server/src/server.js:2353:13026\n    at Array.map (<anonymous>)\n    at U1n (/home/maitena/.vscode/extensions/uqbar.wollok-lsp-ide-0.5.4/out/server/src/server.js:2353:12950)\n    at H2.buildEnvironmentFrom (/home/maitena/.vscode/extensions/uqbar.wollok-lsp-ide-0.5.4/out/server/src/server.js:2398:5254)\n    at H2.updateEnvironmentWith (/home/maitena/.vscode/extensions/uqbar.wollok-lsp-ide-0.5.4/out/server/src/server.js:2398:4989)\n    at GF (/home/maitena/.vscode/extensions/uqbar.wollok-lsp-ide-0.5.4/out/server/src/server.js:2398:7383)\n    at V3.invoke (/home/maitena/.vscode/extensions/uqbar.wollok-lsp-ide-0.5.4/out/server/src/server.js:3:157328)\n    at o.fire (/home/maitena/.vscode/extensions/uqbar.wollok-lsp-ide-0.5.4/out/server/src/server.js:3:158098)\n    at /home/maitena/.vscode/extensions/uqbar.wollok-lsp-ide-0.5.4/out/server/src/server.js:37:57871\n    at nd (/home/maitena/.vscode/extensions/uqbar.wollok-lsp-ide-0.5.4/out/server/src/server.js:8:1561)","timestamp":"2026-05-21T21:52:48.860Z"}
{"level":"info","message":"⌛ Validating arania.wlk","timeElapsed":194,"timestamp":"2026-05-21T21:52:49.095Z"}
{"level":"info","message":"⌛ Validating arania.wlk","timeElapsed":181,"timestamp":"2026-05-21T21:52:49.277Z"}
{"level":"info","message":"⌛ Building environment","timeElapsed":178,"timestamp":"2026-05-21T21:52:49.456Z"}
{"level":"info","message":"⌛ Validating arania.wlk","timeElapsed":194,"timestamp":"2026-05-21T21:52:49.666Z"}
{"level":"info","message":"⌛ Building environment","timeElapsed":193,"timestamp":"2026-05-21T21:52:49.859Z"}
{"level":"info","message":"⌛ Building environment","timeElapsed":179,"timestamp":"2026-05-21T21:52:50.040Z"}
{"level":"info","message":"⌛ Building environment","timeElapsed":187,"timestamp":"2026-05-21T21:52:50.227Z"}
{"level":"info","message":"⌛ Validating arania.wlk","timeElapsed":170,"timestamp":"2026-05-21T21:52:50.398Z"}
{"level":"info","message":"⌛ Validating arania.wlk","timeElapsed":164,"timestamp":"2026-05-21T21:52:50.563Z"}
{"level":"info","message":"⌛ Building environment","timeElapsed":163,"timestamp":"2026-05-21T21:52:50.742Z"}
{"level":"info","message":"⌛ Validating arania.wlk","timeElapsed":164,"timestamp":"2026-05-21T21:52:50.944Z"}
{"level":"info","message":"⌛ Validating arania.wlk","timeElapsed":169,"timestamp":"2026-05-21T21:52:51.123Z"}
{"level":"info","message":"⌛ Validating arania.wlk","timeElapsed":159,"timestamp":"2026-05-21T21:52:51.291Z"}
{"level":"info","message":"⌛ Validating arania.wlk","timeElapsed":164,"timestamp":"2026-05-21T21:52:51.483Z"}
{"level":"info","message":"⌛ Validating arania.wlk","timeElapsed":161,"timestamp":"2026-05-21T21:52:51.644Z"}
{"level":"info","message":"⌛ Building environment","timeElapsed":178,"timestamp":"2026-05-21T21:52:55.509Z"}
{"level":"info","message":"⌛ Validating arania.wlk","timeElapsed":163,"timestamp":"2026-05-21T21:52:55.710Z"}
{"level":"error","message":"✘ Failed to rebuild document Failed to parse arania.wlk: \n-- PARSING FAILED --------------------------------------------------\n\n  37 |             unaTelarania.dispararTelarania()\n  38 |             unaTelarania.eliminarSiNoColisiono()\n> 39 |             }\n     |             ^\n  40 |         else{\n  41 |             self.setDerrota(true)\n\nExpected one of the following: \n\n'@', 'class', 'const', 'describe', 'mixin', 'object', 'only', 'package', 'program', 'test', 'var', '{', EOF, comment, not \"}\n        \", whitespace\n","stack":"Error: Failed to parse arania.wlk: \n-- PARSING FAILED --------------------------------------------------\n\n  37 |             unaTelarania.dispararTelarania()\n  38 |             unaTelarania.eliminarSiNoColisiono()\n> 39 |             }\n     |             ^\n  40 |         else{\n  41 |             self.setDerrota(true)\n\nExpected one of the following: \n\n'@', 'class', 'const', 'describe', 'mixin', 'object', 'only', 'package', 'program', 'test', 'var', '{', EOF, comment, not \"}\n        \", whitespace\n\n    at /home/maitena/.vscode/extensions/uqbar.wollok-lsp-ide-0.5.4/out/server/src/server.js:2353:13026\n    at Array.map (<anonymous>)\n    at U1n (/home/maitena/.vscode/extensions/uqbar.wollok-lsp-ide-0.5.4/out/server/src/server.js:2353:12950)\n    at H2.buildEnvironmentFrom (/home/maitena/.vscode/extensions/uqbar.wollok-lsp-ide-0.5.4/out/server/src/server.js:2398:5254)\n    at H2.updateEnvironmentWith (/home/maitena/.vscode/extensions/uqbar.wollok-lsp-ide-0.5.4/out/server/src/server.js:2398:4989)\n    at GF (/home/maitena/.vscode/extensions/uqbar.wollok-lsp-ide-0.5.4/out/server/src/server.js:2398:7383)\n    at V3.invoke (/home/maitena/.vscode/extensions/uqbar.wollok-lsp-ide-0.5.4/out/server/src/server.js:3:157328)\n    at o.fire (/home/maitena/.vscode/extensions/uqbar.wollok-lsp-ide-0.5.4/out/server/src/server.js:3:158098)\n    at /home/maitena/.vscode/extensions/uqbar.wollok-lsp-ide-0.5.4/out/server/src/server.js:37:57871\n    at nd (/home/maitena/.vscode/extensions/uqbar.wollok-lsp-ide-0.5.4/out/server/src/server.js:8:1561)","timestamp":"2026-05-21T21:52:55.931Z"}
{"level":"info","message":"⌛ Building environment","timeElapsed":275,"timestamp":"2026-05-21T21:52:56.354Z"}
{"level":"info","message":"⌛ Building environment","timeElapsed":192,"timestamp":"2026-05-21T21:52:56.563Z"}
{"level":"info","message":"⌛ Building environment","timeElapsed":189,"timestamp":"2026-05-21T21:52:56.753Z"}
{"level":"info","message":"⌛ Validating arania.wlk","timeElapsed":165,"timestamp":"2026-05-21T21:52:56.918Z"}
{"level":"info","message":"⌛ Building environment","timeElapsed":167,"timestamp":"2026-05-21T21:52:57.086Z"}
{"level":"info","message":"⌛ Validating arania.wlk","timeElapsed":159,"timestamp":"2026-05-21T21:52:57.245Z"}
{"level":"info","message":"⌛ Validating arania.wlk","timeElapsed":153,"timestamp":"2026-05-21T21:52:57.414Z"}
{"level":"info","message":"⌛ Validating arania.wlk","timeElapsed":163,"timestamp":"2026-05-21T21:52:57.585Z"}
{"level":"info","message":"⌛ Building environment","timeElapsed":611,"timestamp":"2026-05-21T21:53:04.687Z"}
{"level":"info","message":"⌛ Validating arania.wlk","timeElapsed":175,"timestamp":"2026-05-21T21:53:04.871Z"}
{"level":"info","message":"⌛ Building environment","timeElapsed":177,"timestamp":"2026-05-21T21:53:05.746Z"}
{"level":"info","message":"⌛ Validating arania.wlk","timeElapsed":188,"timestamp":"2026-05-21T21:53:05.935Z"}
{"level":"info","message":"⌛ Building environment","timeElapsed":247,"timestamp":"2026-05-21T21:53:08.985Z"}
{"level":"info","message":"⌛ Validating arania.wlk","timeElapsed":237,"timestamp":"2026-05-21T21:53:09.229Z"}
{"level":"info","message":"⌛ Building environment","timeElapsed":227,"timestamp":"2026-05-21T21:53:11.445Z"}
{"level":"info","message":"⌛ Validating arania.wlk","timeElapsed":206,"timestamp":"2026-05-21T21:53:11.654Z"}
{"level":"info","message":"⌛ Building environment","timeElapsed":183,"timestamp":"2026-05-21T21:53:16.714Z"}
{"level":"info","message":"⌛ Validating enemigos.wlk","timeElapsed":189,"timestamp":"2026-05-21T21:53:16.905Z"}
{"level":"info","message":"⌛ Building environment","timeElapsed":190,"timestamp":"2026-05-21T21:53:17.887Z"}
{"level":"info","message":"⌛ Validating enemigos.wlk","timeElapsed":217,"timestamp":"2026-05-21T21:53:18.106Z"}
{"level":"info","message":"⌛ Building environment","timeElapsed":222,"timestamp":"2026-05-21T21:53:28.134Z"}
{"level":"info","message":"⌛ Validating niveles.wlk","timeElapsed":194,"timestamp":"2026-05-21T21:53:28.341Z"}
{"level":"info","message":"⌛ Building environment","timeElapsed":236,"timestamp":"2026-05-21T21:53:29.666Z"}
{"level":"info","message":"⌛ Validating niveles.wlk","timeElapsed":181,"timestamp":"2026-05-21T21:53:29.850Z"}
{"level":"info","message":"⌛ Building environment","timeElapsed":199,"timestamp":"2026-05-21T21:53:30.221Z"}
{"level":"info","message":"⌛ Building environment","timeElapsed":252,"timestamp":"2026-05-21T21:53:30.474Z"}
{"level":"info","message":"⌛ Validating niveles.wlk","timeElapsed":187,"timestamp":"2026-05-21T21:53:30.661Z"}
{"level":"info","message":"⌛ Building environment","timeElapsed":237,"timestamp":"2026-05-21T21:53:30.899Z"}
{"level":"info","message":"⌛ Validating niveles.wlk","timeElapsed":207,"timestamp":"2026-05-21T21:53:31.107Z"}
{"level":"info","message":"⌛ Building environment","timeElapsed":212,"timestamp":"2026-05-21T21:53:31.319Z"}
{"level":"info","message":"⌛ Validating niveles.wlk","timeElapsed":174,"timestamp":"2026-05-21T21:53:31.530Z"}
{"level":"info","message":"⌛ Validating niveles.wlk","timeElapsed":174,"timestamp":"2026-05-21T21:53:31.728Z"}
{"level":"info","message":"⌛ Building environment","timeElapsed":216,"timestamp":"2026-05-21T21:53:31.944Z"}
{"level":"info","message":"⌛ Validating niveles.wlk","timeElapsed":169,"timestamp":"2026-05-21T21:53:32.186Z"}
{"level":"info","message":"⌛ Building environment","timeElapsed":177,"timestamp":"2026-05-21T21:53:37.704Z"}
{"level":"info","message":"⌛ Validating enemigos.wlk","timeElapsed":183,"timestamp":"2026-05-21T21:53:37.888Z"}
{"level":"info","message":"⌛ Building environment","timeElapsed":187,"timestamp":"2026-05-21T21:53:38.079Z"}
{"level":"info","message":"⌛ Building environment","timeElapsed":263,"timestamp":"2026-05-21T21:53:38.344Z"}
{"level":"info","message":"⌛ Building environment","timeElapsed":183,"timestamp":"2026-05-21T21:53:38.527Z"}
{"level":"info","message":"⌛ Validating enemigos.wlk","timeElapsed":166,"timestamp":"2026-05-21T21:53:38.711Z"}
{"level":"info","message":"⌛ Validating enemigos.wlk","timeElapsed":159,"timestamp":"2026-05-21T21:53:38.881Z"}
{"level":"info","message":"⌛ Building environment","timeElapsed":146,"timestamp":"2026-05-21T21:53:39.028Z"}
{"level":"info","message":"⌛ Validating enemigos.wlk","timeElapsed":167,"timestamp":"2026-05-21T21:53:39.196Z"}
{"level":"info","message":"⌛ Validating enemigos.wlk","timeElapsed":159,"timestamp":"2026-05-21T21:53:39.383Z"}
{"level":"info","message":"⌛ Building environment","timeElapsed":165,"timestamp":"2026-05-21T21:53:40.237Z"}
{"level":"info","message":"⌛ Validating enemigos.wlk","timeElapsed":158,"timestamp":"2026-05-21T21:53:40.427Z"}
{"level":"info","message":"⌛ Building environment","timeElapsed":162,"timestamp":"2026-05-21T21:53:41.395Z"}
{"level":"info","message":"⌛ Validating enemigos.wlk","timeElapsed":168,"timestamp":"2026-05-21T21:53:41.565Z"}
{"level":"info","message":"⌛ Building environment","timeElapsed":196,"timestamp":"2026-05-21T21:53:44.324Z"}
{"level":"info","message":"⌛ Building environment","timeElapsed":178,"timestamp":"2026-05-21T21:53:44.503Z"}
{"level":"info","message":"⌛ Validating arania.wlk","timeElapsed":193,"timestamp":"2026-05-21T21:53:44.696Z"}
{"level":"info","message":"⌛ Building environment","timeElapsed":205,"timestamp":"2026-05-21T21:53:44.903Z"}
{"level":"info","message":"⌛ Validating arania.wlk","timeElapsed":197,"timestamp":"2026-05-21T21:53:45.100Z"}
{"level":"info","message":"⌛ Building environment","timeElapsed":162,"timestamp":"2026-05-21T21:53:45.262Z"}
{"level":"info","message":"⌛ Building environment","timeElapsed":212,"timestamp":"2026-05-21T21:53:45.507Z"}
{"level":"info","message":"⌛ Validating arania.wlk","timeElapsed":183,"timestamp":"2026-05-21T21:53:45.691Z"}
{"level":"info","message":"⌛ Validating arania.wlk","timeElapsed":171,"timestamp":"2026-05-21T21:53:45.946Z"}
{"level":"info","message":"⌛ Validating arania.wlk","timeElapsed":173,"timestamp":"2026-05-21T21:53:46.129Z"}
{"level":"info","message":"⌛ Building environment","timeElapsed":219,"timestamp":"2026-05-21T21:53:46.365Z"}
{"level":"info","message":"⌛ Validating arania.wlk","timeElapsed":179,"timestamp":"2026-05-21T21:53:46.547Z"}
{"level":"info","message":"⌛ Building environment","timeElapsed":174,"timestamp":"2026-05-21T21:53:46.856Z"}
{"level":"info","message":"⌛ Validating arania.wlk","timeElapsed":174,"timestamp":"2026-05-21T21:53:47.032Z"}
{"level":"info","message":"⌛ Building environment","timeElapsed":276,"timestamp":"2026-05-21T21:53:49.064Z"}
{"level":"info","message":"⌛ Validating ui.wlk","timeElapsed":203,"timestamp":"2026-05-21T21:53:49.289Z"}
{"level":"info","message":"⌛ Building environment","timeElapsed":166,"timestamp":"2026-05-21T21:53:53.163Z"}
{"level":"info","message":"⌛ Validating ui.wlk","timeElapsed":187,"timestamp":"2026-05-21T21:53:53.351Z"}
{"level":"info","message":"⌛ Building environment","timeElapsed":164,"timestamp":"2026-05-21T21:53:56.030Z"}
{"level":"info","message":"⌛ Validating ui.wlk","timeElapsed":178,"timestamp":"2026-05-21T21:53:56.210Z"}
{"level":"info","message":"⌛ Building environment","timeElapsed":156,"timestamp":"2026-05-21T21:53:57.476Z"}
{"level":"info","message":"⌛ Validating ui.wlk","timeElapsed":173,"timestamp":"2026-05-21T21:53:57.652Z"}
{"level":"info","message":"⌛ Building environment","timeElapsed":188,"timestamp":"2026-05-21T21:53:58.034Z"}
{"level":"info","message":"⌛ Building environment","timeElapsed":159,"timestamp":"2026-05-21T21:53:58.194Z"}
{"level":"info","message":"⌛ Validating ui.wlk","timeElapsed":207,"timestamp":"2026-05-21T21:53:58.401Z"}
{"level":"info","message":"⌛ Building environment","timeElapsed":251,"timestamp":"2026-05-21T21:53:58.653Z"}
{"level":"info","message":"⌛ Validating ui.wlk","timeElapsed":185,"timestamp":"2026-05-21T21:53:58.838Z"}
{"level":"info","message":"⌛ Building environment","timeElapsed":163,"timestamp":"2026-05-21T21:53:59.003Z"}
{"level":"info","message":"⌛ Validating ui.wlk","timeElapsed":184,"timestamp":"2026-05-21T21:53:59.200Z"}
{"level":"info","message":"⌛ Building environment","timeElapsed":160,"timestamp":"2026-05-21T21:53:59.366Z"}
{"level":"info","message":"⌛ Building environment","timeElapsed":163,"timestamp":"2026-05-21T21:53:59.531Z"}
{"level":"info","message":"⌛ Validating ui.wlk","timeElapsed":180,"timestamp":"2026-05-21T21:53:59.725Z"}
{"level":"info","message":"⌛ Validating ui.wlk","timeElapsed":169,"timestamp":"2026-05-21T21:53:59.899Z"}
{"level":"info","message":"⌛ Validating ui.wlk","timeElapsed":174,"timestamp":"2026-05-21T21:54:00.078Z"}
{"level":"info","message":"⌛ Building environment","timeElapsed":158,"timestamp":"2026-05-21T21:54:00.237Z"}
{"level":"info","message":"⌛ Building environment","timeElapsed":148,"timestamp":"2026-05-21T21:54:00.406Z"}
{"level":"info","message":"⌛ Validating ui.wlk","timeElapsed":200,"timestamp":"2026-05-21T21:54:00.607Z"}
{"level":"info","message":"⌛ Building environment","timeElapsed":154,"timestamp":"2026-05-21T21:54:00.761Z"}
{"level":"info","message":"⌛ Validating ui.wlk","timeElapsed":174,"timestamp":"2026-05-21T21:54:00.936Z"}
{"level":"info","message":"⌛ Validating ui.wlk","timeElapsed":143,"timestamp":"2026-05-21T21:54:01.088Z"}
{"level":"info","message":"⌛ Building environment","timeElapsed":449,"timestamp":"2026-05-21T21:54:26.794Z"}
{"level":"info","message":"⌛ Validating enemigos.wlk","timeElapsed":331,"timestamp":"2026-05-21T21:54:27.128Z"}
{"level":"info","message":"⌛ Validating game.wpgm","timeElapsed":220,"timestamp":"2026-05-21T21:54:27.349Z"}
{"level":"info","message":"⌛ Validating arania.wlk","timeElapsed":174,"timestamp":"2026-05-21T21:54:27.524Z"}
{"level":"info","message":"⌛ Validating niveles.wlk","timeElapsed":184,"timestamp":"2026-05-21T21:54:27.708Z"}
{"level":"info","message":"⌛ Validating ui.wlk","timeElapsed":190,"timestamp":"2026-05-21T21:54:27.898Z"}
{"level":"info","message":"⌛ Building environment","timeElapsed":428,"timestamp":"2026-05-21T21:54:28.333Z"}
{"level":"info","message":"⌛ Validating enemigos.wlk","timeElapsed":200,"timestamp":"2026-05-21T21:54:28.581Z"}
{"level":"info","message":"⌛ Validating game.wpgm","timeElapsed":178,"timestamp":"2026-05-21T21:54:28.761Z"}
{"level":"info","message":"⌛ Validating arania.wlk","timeElapsed":179,"timestamp":"2026-05-21T21:54:28.941Z"}
{"level":"info","message":"⌛ Validating niveles.wlk","timeElapsed":162,"timestamp":"2026-05-21T21:54:29.103Z"}
{"level":"info","message":"⌛ Validating ui.wlk","timeElapsed":147,"timestamp":"2026-05-21T21:54:29.251Z"}
{"level":"info","message":"🚀 Program executed \u001b[3m\u001b[34mgame.gameArachnida\u001b[39m\u001b[23m on \u001b[3m\u001b[34m/home/maitena/Documentos/Arachnida-Game\u001b[39m\u001b[23m","ok":true,"timeElapsed":1104,"timestamp":"2026-05-21T21:54:31.280Z"}
{"exitCode":"SIGHUP","level":"info","message":"👾 Game executed game.gameArachnida on /home/maitena/Documentos/Arachnida-Game","timeElapsed":134191,"timestamp":"2026-05-21T21:56:44.366Z"}
